Last login: Mon Feb  4 09:37:03 on console
Gideons-MacBook-Air:~ gideonbrasil$ cd lighthouse/
Gideons-MacBook-Air:lighthouse gideonbrasil$ vagrant up
Bringing machine 'default' up with 'virtualbox' provider...
==> default: Clearing any previously set forwarded ports...
==> default: Clearing any previously set network interfaces...
==> default: Preparing network interfaces based on configuration...
    default: Adapter 1: nat
==> default: Forwarding ports...
    default: 3000 (guest) => 3000 (host) (adapter 1)
    default: 3001 (guest) => 3001 (host) (adapter 1)
    default: 8080 (guest) => 8080 (host) (adapter 1)
    default: 5000 (guest) => 5000 (host) (adapter 1)
    default: 5432 (guest) => 5432 (host) (adapter 1)
    default: 22 (guest) => 2222 (host) (adapter 1)
==> default: Running 'pre-boot' VM customizations...
==> default: Booting VM...
==> default: Waiting for machine to boot. This may take a few minutes...
    default: SSH address: 127.0.0.1:2222
    default: SSH username: vagrant
    default: SSH auth method: private key
==> default: Machine booted and ready!
==> default: Checking for guest additions in VM...
    default: The guest additions on this VM do not match the installed version of
    default: VirtualBox! In most cases this is fine, but in rare cases it can
    default: prevent things such as shared folders from working properly. If you see
    default: shared folder errors, please make sure the guest additions within the
    default: virtual machine match the version of VirtualBox you have installed on
    default: your host and reload your VM.
    default: 
    default: Guest Additions Version: 5.2.0
    default: VirtualBox Version: 6.0
==> default: Mounting shared folders...
    default: /vagrant => /Users/gideonbrasil/lighthouse
==> default: Machine already provisioned. Run `vagrant provision` or use the `--provision`
==> default: flag to force provisioning. Provisioners marked to run always will still run.
Gideons-MacBook-Air:lighthouse gideonbrasil$ vagrant ssh
Welcome to Ubuntu 16.04.3 LTS (GNU/Linux 4.4.0-87-generic x86_64)
           .-='-. _db_      .--==-,
          (_  (  _IIII_   _(    )  `.
            (    |" " |-.(  ` ,_  `  )
             '-._HHHHHH  `)---' `'--'
                 |.   |--`
                 |    |      Lighthouse Labs
       _H___,=====;___|      Built # 20171219-141500-8dc7a2e
    n_/____/____/``\__\
   /__|:: :|. .|:::|::|      Direct complaints to /dev/null
_%&|__&%_"_|_"_|_ H|__|__

 * Documentation:  https://help.ubuntu.com
 * Management:     https://landscape.canonical.com
 * Support:        https://ubuntu.com/advantage
Last login: Thu Jan 24 04:43:31 2019 from 10.0.2.2
vagrant [vagrant]> ls
hello_world  index.html     lighthouse-js-fundamentals  temp_test_file.txt
index.css    javascripting  patchwork                   Vagrantfile
vagrant [vagrant]> pwd
/vagrant
vagrant [vagrant]> mkdir Lighthouse_Daily
vagrant [vagrant]> cd Lighthouse_Daily/
vagrant [Lighthouse_Daily]> mkdir W1D1
vagrant [Lighthouse_Daily]> cd W1D1/
vagrant [W1D1]> git clone git@gist.github.com:YOUR_FORKS_ID.git lunch
Cloning into 'lunch'...
The authenticity of host 'gist.github.com (192.30.253.119)' can't be established.
RSA key fingerprint is SHA256:nThbg6kXUpJWGl7E1IGOCspRomTxdCARLviKw6E5SY8.
Are you sure you want to continue connecting (yes/no)? yes
Warning: Permanently added 'gist.github.com,192.30.253.119' (RSA) to the list of known hosts.
ERROR: Repository not found.
fatal: Could not read from remote repository.

Please make sure you have the correct access rights
and the repository exists.
vagrant [W1D1]> git clone git@gist.github.com:YOUR_FORKS_ID.git lunch
Cloning into 'lunch'...
ERROR: Repository not found.
fatal: Could not read from remote repository.

Please make sure you have the correct access rights
and the repository exists.
vagrant [W1D1]> git clone git@gist.github.com:66692edc98aa47625f9d1f2f537891d8.git
Cloning into '66692edc98aa47625f9d1f2f537891d8'...
remote: Enumerating objects: 3, done.
remote: Counting objects: 100% (3/3), done.
remote: Compressing objects: 100% (2/2), done.
remote: Total 3 (delta 0), reused 3 (delta 0), pack-reused 0
Receiving objects: 100% (3/3), done.
Checking connectivity... done.
vagrant [W1D1]> git clone git@gist.github.com:66692edc98aa47625f9d1f2f537891d8.git lunch
Cloning into 'lunch'...
Warning: Permanently added the RSA host key for IP address '192.30.253.118' to the list of known hosts.
remote: Enumerating objects: 3, done.
remote: Counting objects: 100% (3/3), done.
remote: Compressing objects: 100% (2/2), done.
remote: Total 3 (delta 0), reused 3 (delta 0), pack-reused 0
Receiving objects: 100% (3/3), done.
Checking connectivity... done.
vagrant [W1D1]> ls
66692edc98aa47625f9d1f2f537891d8  lunch
vagrant [W1D1]> rm 66692edc98aa47625f9d1f2f537891d8/
rm: cannot remove '66692edc98aa47625f9d1f2f537891d8/': Is a directory
vagrant [W1D1]> ls
lunch
vagrant [W1D1]> cd lunch/
]vagrant [lunch]> ls 
lunch.js
vagrant [lunch]> ls -lah
total 4.0K
drwxr-xr-x 1 vagrant vagrant  128 Feb  4 20:21 .
drwxr-xr-x 1 vagrant vagrant   96 Feb  4 20:22 ..
drwxr-xr-x 1 vagrant vagrant  416 Feb  4 20:22 .git
-rw-r--r-- 1 vagrant vagrant 1.3K Feb  4 20:21 lunch.js
vagrant [lunch]> cd ../
vagrant [W1D1]> cd ../
vagrant [Lighthouse_Daily]> cd ..
vagrant [vagrant]> mkdir lighthouse-web-notes
vagrant [vagrant]> ls
hello_world       lighthouse-js-fundamentals
index.css         lighthouse-web-notes
index.html        patchwork
javascripting     temp_test_file.txt
Lighthouse_Daily  Vagrantfile
vagrant [vagrant]> cd lighthouse-web-notes/
vagrant [lighthouse-web-notes]> git init
Initialized empty Git repository in /vagrant/lighthouse-web-notes/.git/
vagrant [lighthouse-web-notes]> touch README.md
vagrant [lighthouse-web-notes]> ad README.md 
-bash: ad: command not found
vagrant [lighthouse-web-notes]> git commit -m "Blank README.md added"
On branch master

Initial commit

Untracked files:
	README.md

nothing added to commit but untracked files present
vagrant [lighthouse-web-notes]> git remote add origin <git@github.com:GideonBrasil/lighthouse-web-notes.git>
-bash: syntax error near unexpected token `newline'
vagrant [lighthouse-web-notes]> git remote add origin <https://github.com/GideonBrasil/lighthouse-web-notes>
-bash: syntax error near unexpected token `newline'
vagrant [lighthouse-web-notes]> git remote add origin <https://github.com/GideonBrasil/lighthouse-web-notes.git>
-bash: syntax error near unexpected token `newline'
vagrant [lighthouse-web-notes]> add README.md 
-bash: add: command not found
vagrant [lighthouse-web-notes]> git add README.md 
vagrant [lighthouse-web-notes]> git commit -m "Blank README.md added"
[master (root-commit) ba4509f] Blank README.md added
 1 file changed, 0 insertions(+), 0 deletions(-)
 create mode 100644 README.md
vagrant [lighthouse-web-notes]> git remote add origin <https://github.com/GideonBrasil/lighthouse-web-notes.git>
-bash: syntax error near unexpected token `newline'
vagrant [lighthouse-web-notes]> git remote add origin <git@github.com:GideonBrasil/lighthouse-web-notes.git>
-bash: syntax error near unexpected token `newline'
vagrant [lighthouse-web-notes]> git remote add origin https://github.com/GideonBrasil/lighthouse-web-notes
vagrant [lighthouse-web-notes]> git push -u origin master
Username for 'https://github.com': GideonBrasil
Password for 'https://GideonBrasil@github.com': 
remote: Invalid username or password.
fatal: Authentication failed for 'https://github.com/GideonBrasil/lighthouse-web-notes/'
vagrant [lighthouse-web-notes]> git push -u origin master
Username for 'https://github.com': GideonBrasil	
Password for 'https://GideonBrasil@github.com': 
Counting objects: 3, done.
Writing objects: 100% (3/3), 228 bytes | 0 bytes/s, done.
Total 3 (delta 0), reused 0 (delta 0)
To https://github.com/GideonBrasil/lighthouse-web-notes
 * [new branch]      master -> master
Branch master set up to track remote branch master from origin.
vagrant [lighthouse-web-notes]> git commit -m "Notes header update"
On branch master
Your branch is up-to-date with 'origin/master'.
Changes not staged for commit:
	modified:   README.md

no changes added to commit
vagrant [lighthouse-web-notes]> git add README.md 
vagrant [lighthouse-web-notes]> git commit -m "Notes header update"
[master d4f0c62] Notes header update
 1 file changed, 2 insertions(+)
vagrant [lighthouse-web-notes]> git push origin master
Username for 'https://github.com': GideonBrasil	
Password for 'https://GideonBrasil@github.com': 
Counting objects: 3, done.
Delta compression using up to 2 threads.
Compressing objects: 100% (2/2), done.
Writing objects: 100% (3/3), 280 bytes | 0 bytes/s, done.
Total 3 (delta 0), reused 0 (delta 0)
To https://github.com/GideonBrasil/lighthouse-web-notes
   ba4509f..d4f0c62  master -> master
vagrant [lighthouse-web-notes]> git add README.md 
vagrant [lighthouse-web-notes]> git commit -m "Notes header update"
[master 51aba1f] Notes header update
 1 file changed, 1 insertion(+), 2 deletions(-)
vagrant [lighthouse-web-notes]> git push origin master
Username for 'https://github.com': GideonBrasil	
Password for 'https://GideonBrasil@github.com': 
Counting objects: 3, done.
Delta compression using up to 2 threads.
Compressing objects: 100% (1/1), done.
Writing objects: 100% (3/3), 276 bytes | 0 bytes/s, done.
Total 3 (delta 0), reused 0 (delta 0)
To https://github.com/GideonBrasil/lighthouse-web-notes
   d4f0c62..51aba1f  master -> master
vagrant [lighthouse-web-notes]> git add README.md 
vagrant [lighthouse-web-notes]> git commit -m "Notes header update"
[master f9f1c88] Notes header update
 1 file changed, 1 insertion(+), 1 deletion(-)
vagrant [lighthouse-web-notes]> git push origin master
Username for 'https://github.com': GideonBrasil	
Password for 'https://GideonBrasil@github.com': 
Counting objects: 3, done.
Writing objects: 100% (3/3), 277 bytes | 0 bytes/s, done.
Total 3 (delta 0), reused 0 (delta 0)
To https://github.com/GideonBrasil/lighthouse-web-notes
   51aba1f..f9f1c88  master -> master
vagrant [lighthouse-web-notes]> git add README.md 
vagrant [lighthouse-web-notes]> git commit -m "Notes header update"
[master 5c3b069] Notes header update
 1 file changed, 2 insertions(+), 1 deletion(-)
vagrant [lighthouse-web-notes]> git push origin master
Username for 'https://github.com': GideonBrasil	
Password for 'https://GideonBrasil@github.com': 
remote: Invalid username or password.
fatal: Authentication failed for 'https://github.com/GideonBrasil/lighthouse-web-notes/'
vagrant [lighthouse-web-notes]> git push origin master
Username for 'https://github.com': GideonBrasil	
Password for 'https://GideonBrasil@github.com': 
Counting objects: 3, done.
Delta compression using up to 2 threads.
Compressing objects: 100% (2/2), done.
Writing objects: 100% (3/3), 282 bytes | 0 bytes/s, done.
Total 3 (delta 0), reused 0 (delta 0)
To https://github.com/GideonBrasil/lighthouse-web-notes
   f9f1c88..5c3b069  master -> master
vagrant [lighthouse-web-notes]> git add README.md 
vagrant [lighthouse-web-notes]> git commit -m "Notes header update"
[master 50962eb] Notes header update
 1 file changed, 1 insertion(+), 2 deletions(-)
vagrant [lighthouse-web-notes]> git push origin master
Username for 'https://github.com': GideonBrasil	
Password for 'https://GideonBrasil@github.com': 
Counting objects: 3, done.
Delta compression using up to 2 threads.
Compressing objects: 100% (2/2), done.
Writing objects: 100% (3/3), 331 bytes | 0 bytes/s, done.
Total 3 (delta 0), reused 0 (delta 0)
To https://github.com/GideonBrasil/lighthouse-web-notes
   5c3b069..50962eb  master -> master
vagrant [lighthouse-web-notes]> git add README.md 
vagrant [lighthouse-web-notes]> git commit -m "Notes header update"
[master 015fcf1] Notes header update
 1 file changed, 5 insertions(+), 1 deletion(-)
vagrant [lighthouse-web-notes]> git commit -m "Notes links"
On branch master
Your branch is ahead of 'origin/master' by 1 commit.
  (use "git push" to publish your local commits)
nothing to commit, working directory clean
vagrant [lighthouse-web-notes]> git push origin master
Username for 'https://github.com': GideonBrasil	
Password for 'https://GideonBrasil@github.com': 
Counting objects: 3, done.
Delta compression using up to 2 threads.
Compressing objects: 100% (2/2), done.
Writing objects: 100% (3/3), 390 bytes | 0 bytes/s, done.
Total 3 (delta 0), reused 0 (delta 0)
To https://github.com/GideonBrasil/lighthouse-web-notes
   50962eb..015fcf1  master -> master
vagrant [lighthouse-web-notes]> mkdir Week_1
vagrant [lighthouse-web-notes]> cd Week_1/
vagrant [Week_1]> mkdir Day_1
vagrant [Week_1]> cd Day_1/
vagrant [Day_1]> touch What_Should_I_Do_For_Lunch_Tips.md
vagrant [Day_1]> git add What_Should_I_Do_For_Lunch_Tips.md 
vagrant [Day_1]> touch ls
vagrant [Day_1]> rm ls
vagrant [Day_1]> ls
What_Should_I_Do_For_Lunch_Tips.md
vagrant [Day_1]> cd ..
vagrant [Week_1]> cd ..
vagrant [lighthouse-web-notes]> ls
README.md  Week_1
vagrant [lighthouse-web-notes]> git add README.md 
vagrant [lighthouse-web-notes]> git commit -m "Add links to notes"
[master a933e78] Add links to notes
 2 files changed, 3 insertions(+)
 create mode 100644 Week_1/Day_1/What_Should_I_Do_For_Lunch_Tips.md
vagrant [lighthouse-web-notes]> git push origin master
Username for 'https://github.com': GideonBrasil	
Password for 'https://GideonBrasil@github.com': 
Counting objects: 6, done.
Delta compression using up to 2 threads.
Compressing objects: 100% (4/4), done.
Writing objects: 100% (6/6), 486 bytes | 0 bytes/s, done.
Total 6 (delta 1), reused 0 (delta 0)
remote: Resolving deltas: 100% (1/1), completed with 1 local object.
To https://github.com/GideonBrasil/lighthouse-web-notes
   015fcf1..a933e78  master -> master
vagrant [lighthouse-web-notes]> ls
README.md  Week_1
vagrant [lighthouse-web-notes]> cd Week_1/
vagrant [Week_1]> cd Day_1/
vagrant [Day_1]> git add What_Should_I_Do_For_Lunch_Tips.md 
vagrant [Day_1]> git commit -m "Add js markdown"
[master 1e175dd] Add js markdown
 1 file changed, 16 insertions(+)
vagrant [Day_1]> git push origin master
Username for 'https://github.com': GideonBrasil	
Password for 'https://GideonBrasil@github.com': 
Counting objects: 5, done.
Delta compression using up to 2 threads.
Compressing objects: 100% (4/4), done.
Writing objects: 100% (5/5), 719 bytes | 0 bytes/s, done.
Total 5 (delta 0), reused 0 (delta 0)
To https://github.com/GideonBrasil/lighthouse-web-notes
   a933e78..1e175dd  master -> master
vagrant [Day_1]> .../
-bash: .../: No such file or directory
vagrant [Day_1]> ..
-bash: ..: command not found
vagrant [Day_1]> cd ..
vagrant [Week_1]> cd ..
vagrant [lighthouse-web-notes]> cd ..
vagrant [vagrant]> ls
hello_world  index.html     Lighthouse_Daily            lighthouse-web-notes  temp_test_file.txt
index.css    javascripting  lighthouse-js-fundamentals  patchwork             Vagrantfile
vagrant [vagrant]> cd Lighthouse_Daily/
vagrant [Lighthouse_Daily]> ls
W1D1
vagrant [Lighthouse_Daily]> cd W1D1/
vagrant [W1D1]> touch joining_concepts.js
vagrant [W1D1]> node joining_concepts.js
gists
types
operators
iteration
problem solving
/vagrant/Lighthouse_Daily/W1D1/joining_concepts.js:15
var concepts = joinList(conceptList);
               ^

ReferenceError: joinList is not defined
    at Object.<anonymous> (/vagrant/Lighthouse_Daily/W1D1/joining_concepts.js:15:16)
    at Module._compile (module.js:643:30)
    at Object.Module._extensions..js (module.js:654:10)
    at Module.load (module.js:556:32)
    at tryModuleLoad (module.js:499:12)
    at Function.Module._load (module.js:491:3)
    at Function.Module.runMain (module.js:684:10)
    at startup (bootstrap_node.js:187:16)
    at bootstrap_node.js:608:3
vagrant [W1D1]> node joining_concepts.js
/vagrant/Lighthouse_Daily/W1D1/joining_concepts.js:15
]
^

SyntaxError: Unexpected token ]
    at createScript (vm.js:80:10)
    at Object.runInThisContext (vm.js:139:10)
    at Module._compile (module.js:607:28)
    at Object.Module._extensions..js (module.js:654:10)
    at Module.load (module.js:556:32)
    at tryModuleLoad (module.js:499:12)
    at Function.Module._load (module.js:491:3)
    at Function.Module.runMain (module.js:684:10)
    at startup (bootstrap_node.js:187:16)
    at bootstrap_node.js:608:3
vagrant [W1D1]> node joining_concepts.js
gists
types
operators
iteration
problem solving
vagrant [W1D1]> node joining_concepts.js
/vagrant/Lighthouse_Daily/W1D1/joining_concepts.js:13
  output.push(conceptList[i] + ', ')
         ^

TypeError: output.push is not a function
    at Object.<anonymous> (/vagrant/Lighthouse_Daily/W1D1/joining_concepts.js:13:10)
    at Module._compile (module.js:643:30)
    at Object.Module._extensions..js (module.js:654:10)
    at Module.load (module.js:556:32)
    at tryModuleLoad (module.js:499:12)
    at Function.Module._load (module.js:491:3)
    at Function.Module.runMain (module.js:684:10)
    at startup (bootstrap_node.js:187:16)
    at bootstrap_node.js:608:3
vagrant [W1D1]> node 
